// Jest Snapshot v1, https://goo.gl/fbAQLP

exports[`Testing Button component Should match the snapshot 1`] = `
<button
  className="btn btn--primary"
  type="button"
>
  Button
</button>
`;
